[10:11:52] universe: dashboard 518, point-in-time S&P candidates 835, fetching 850
  prices 100/850
$ARNC: possibly delisted; no timezone found
HTTP Error 404: {"quoteSummary":{"result":null,"error":{"code":"Not Found","description":"Quote not found for symbol: BCR"}}}
$BCR: possibly delisted; no timezone found
$ANSS: possibly delisted; no timezone found
$ALXN: possibly delisted; no timezone found
$ABK: possibly delisted; no timezone found
$ACAS: possibly delisted; no timezone found
$ATVI: possibly delisted; no timezone found
$AET: possibly delisted; no timezone found
$AYE: possibly delisted; no timezone found
$AKS: possibly delisted; no timezone found
$ACE: possibly delisted; no timezone found
$ALTR: possibly delisted; no timezone found
$AGN: possibly delisted; no timezone found
$ANDV: possibly delisted; no timezone found
$ADS: possibly delisted; no timezone found
$AVP: possibly delisted; no timezone found
$ABMD: possibly delisted; no timezone found
$ANR: possibly delisted; no timezone found
$APOL: possibly delisted; no timezone found
$ARG: possibly delisted; no timezone found

20 Failed downloads:
['ARNC', 'BCR', 'ANSS', 'ALXN', 'ABK', 'ACAS', 'ATVI', 'AET', 'AYE', 'AKS', 'ACE', 'ALTR', 'AGN', 'ANDV', 'ADS', 'AVP', 'ABMD', 'ANR', 'APOL', 'ARG']: possibly delisted; no timezone found
  prices 200/850
$CDAY: possibly delisted; no timezone found
$COL: possibly delisted; no timezone found
$CSC: possibly delisted; no timezone found
$CFC: possibly delisted; no timezone found
$BHI: possibly delisted; no timezone found
$CMA: possibly delisted; no timezone found
$CPGX: possibly delisted; no timezone found
$CBE: possibly delisted; no timezone found
$CMCSK: possibly delisted; no timezone found
$COV: possibly delisted; no timezone found
$BMS: possibly delisted; no timezone found
$BIG: possibly delisted; no timezone found
$BMC: possibly delisted; no timezone found
$BRCM: possibly delisted; no timezone found
$CEPH: possibly delisted; no timezone found
$BXLT: possibly delisted; no timezone found
$BJS: possibly delisted; no timezone found
$CFN: possibly delisted; no timezone found
$CHK: possibly delisted; no timezone found
$CERN: possibly delisted; no timezone found
$CELG: possibly delisted; no timezone found
$CA: possibly delisted; no timezone found
$CCE: possibly delisted; no timezone found

23 Failed downloads:
['CDAY', 'COL', 'CSC', 'CFC', 'BHI', 'CMA', 'CPGX', 'CBE', 'CMCSK', 'COV', 'BMS', 'BIG', 'BMC', 'BRCM', 'CEPH', 'BXLT', 'BJS', 'CFN', 'CHK', 'CERN', 'CELG', 'CA', 'CCE']: possibly delisted; no timezone found
  prices 300/850
$ETFC: possibly delisted; no timezone found
$EK: possibly delisted; no timezone found
$DNB: possibly delisted; no timezone found
$DNR: possibly delisted; no timezone found
$CVH: possibly delisted; no timezone found
$CXO: possibly delisted; no timezone found
$DWDP: possibly delisted; no timezone found
$DF: possibly delisted; no timezone found
$CTXS: possibly delisted; no timezone found
$CTX: possibly delisted; no timezone found
$ESRX: possibly delisted; no timezone found
$ENDP: possibly delisted; no timezone found
$CVC: possibly delisted; no timezone found
$CTLT: possibly delisted; no timezone found
$EVHC: possibly delisted; no timezone found
$DISCA: possibly delisted; no timezone found
$CVG: possibly delisted; no timezone found
$DISCK: possibly delisted; no timezone found
$FBHS: possibly delisted; no timezone found
$DO: possibly delisted; no timezone found
$DAY: possibly delisted; no timezone found
$DFS: possibly delisted; no timezone found
$DISH: possibly delisted; no timezone found
$DRE: possibly delisted; no timezone found
$CTRA: possibly delisted; no timezone found
$ESV: possibly delisted; no timezone found
$DTV: possibly delisted; no timezone found
$DPS: possibly delisted; no timezone found

28 Failed downloads:
['ETFC', 'EK', 'DNB', 'DNR', 'CVH', 'CXO', 'DWDP', 'DF', 'CTXS', 'CTX', 'ESRX', 'ENDP', 'CVC', 'CTLT', 'EVHC', 'DISCA', 'CVG', 'DISCK', 'FBHS', 'DO', 'DAY', 'DFS', 'DISH', 'DRE', 'CTRA', 'ESV', 'DTV', 'DPS']: possibly delisted; no timezone found
  prices 400/850
$FL: possibly delisted; no timezone found
$HSP: possibly delisted; no timezone found
$HOLX: possibly delisted; no timezone found
$HAR: possibly delisted; no timezone found
$GPS: possibly delisted; no timezone found
$FLIR: possibly delisted; no timezone found
$HFC: possibly delisted; no timezone found
$GAS: possibly delisted; no timezone found
$GMCR: possibly delisted; no timezone found
$FNM: possibly delisted; no timezone found
$FTR: possibly delisted; no timezone found
$FRX: possibly delisted; no timezone found
$FRE: possibly delisted; no timezone found
$FII: possibly delisted; no timezone found
$HOT: possibly delisted; no timezone found
$HBI: possibly delisted; no timezone found
$HCBK: possibly delisted; no timezone found
$GGP: possibly delisted; no timezone found
$HES: possibly delisted; no timezone found
$FDO: possibly delisted; no timezone found
$FRC: possibly delisted; no timezone found
$HNZ: possibly delisted; no timezone found

22 Failed downloads:
['FL', 'HSP', 'HOLX', 'HAR', 'GPS', 'FLIR', 'HFC', 'GAS', 'GMCR', 'FNM', 'FTR', 'FRX', 'FRE', 'FII', 'HOT', 'HBI', 'HCBK', 'GGP', 'HES', 'FDO', 'FRC', 'HNZ']: possibly delisted; no timezone found
  prices 500/850
$KRFT: possibly delisted; no timezone found
$LEH: possibly delisted; no timezone found
$JNS: possibly delisted; no timezone found
$JCP |: possibly delisted; no timezone found
$JNPR: possibly delisted; no timezone found
$LVLT: possibly delisted; no timezone found
$LM: possibly delisted; no timezone found
$LLTC: possibly delisted; no timezone found
$LO: possibly delisted; no timezone found
$LSI: possibly delisted; no timezone found
$JWN: possibly delisted; no timezone found
$KSU: possibly delisted; no timezone found
$K: possibly delisted; no timezone found
$IGT: possibly delisted; no timezone found
$JDSU: possibly delisted; no timezone found
$JOY: possibly delisted; no timezone found
$LXK: possibly delisted; no timezone found
$JNY: possibly delisted; no timezone found
$IPG: possibly delisted; no timezone found
$ITT |: possibly delisted; no timezone found
$KFT: possibly delisted; no timezone found
$LLL: possibly delisted; no timezone found

22 Failed downloads:
['KRFT', 'LEH', 'JNS', 'JCP |', 'JNPR', 'LVLT', 'LM', 'LLTC', 'LO', 'LSI', 'JWN', 'KSU', 'K', 'IGT', 'JDSU', 'JOY', 'LXK', 'JNY', 'IPG', 'ITT |', 'KFT', 'LLL']: possibly delisted; no timezone found
  prices 600/850
$MHS: possibly delisted; no timezone found
$MJN: possibly delisted; no timezone found
$MNK: possibly delisted; no timezone found
$MWW: possibly delisted; no timezone found
$NYX: possibly delisted; no price data found  (1d 2008-06-01 -> 2026-10-06)
$MRO: possibly delisted; no timezone found
$MXIM: possibly delisted; no timezone found
$MEE: possibly delisted; no timezone found
$NLSN: possibly delisted; no timezone found
$NVLS: possibly delisted; no timezone found
$MIL: possibly delisted; no timezone found
$NOVL: possibly delisted; no timezone found
$PBCT: possibly delisted; no timezone found
$MDP: possibly delisted; no timezone found
$MOLX: possibly delisted; no timezone found
$MON: possibly delisted; no timezone found
$ODP: possibly delisted; no timezone found
$NSM: possibly delisted; no timezone found
$OMX: possibly delisted; no timezone found
$NBL: possibly delisted; no timezone found
$MFE: possibly delisted; no timezone found

21 Failed downloads:
['MHS', 'MJN', 'MNK', 'MWW', 'MRO', 'MXIM', 'MEE', 'NLSN', 'NVLS', 'MIL', 'NOVL', 'PBCT', 'MDP', 'MOLX', 'MON', 'ODP', 'NSM', 'OMX', 'NBL', 'MFE']: possibly delisted; no timezone found
['NYX']: possibly delisted; no price data found  (1d 2008-06-01 -> 2026-10-06)
  prices 700/850
$PETM: possibly delisted; no timezone found
$RRD: possibly delisted; no timezone found
$PGN: possibly delisted; no timezone found
$SAI: possibly delisted; no timezone found
$QEP: possibly delisted; no timezone found
$SCG: possibly delisted; no timezone found
$RDC: possibly delisted; no timezone found
$PDCO: possibly delisted; no timezone found
$PXD: possibly delisted; no timezone found
$PTV: possibly delisted; no timezone found
$SNI: possibly delisted; no timezone found
$RAI: possibly delisted; no timezone found
$RTN: possibly delisted; no timezone found
$SIVB: possibly delisted; no timezone found
$PLL: possibly delisted; no timezone found
$SIAL: possibly delisted; no timezone found
$RX: possibly delisted; no timezone found
$RHT: possibly delisted; no timezone found
$PCP: possibly delisted; no timezone found
$RSH: possibly delisted; no timezone found
$SEE: possibly delisted; no timezone found

21 Failed downloads:
['PETM', 'RRD', 'PGN', 'SAI', 'QEP', 'SCG', 'RDC', 'PDCO', 'PXD', 'PTV', 'SNI', 'RAI', 'RTN', 'SIVB', 'PLL', 'SIAL', 'RX', 'RHT', 'PCP', 'RSH', 'SEE']: possibly delisted; no timezone found
  prices 800/850
$TWTR: possibly delisted; no timezone found
$VAR: possibly delisted; no timezone found
$SWY: possibly delisted; no timezone found
$SWN: possibly delisted; no timezone found
$TIF: possibly delisted; no timezone found
$TWC: possibly delisted; no timezone found
$TGNA: possibly delisted; no timezone found
$TWX: possibly delisted; no timezone found
$STR: possibly delisted; no timezone found
$TYC: possibly delisted; no timezone found
$TEG: possibly delisted; no timezone found
$TIE: possibly delisted; no timezone found
$SRCL: possibly delisted; no timezone found
$TSS: possibly delisted; no timezone found
$TLAB: possibly delisted; no timezone found
$SVU: possibly delisted; no timezone found
$VIAB: possibly delisted; no timezone found
$STJ: possibly delisted; no timezone found

18 Failed downloads:
['TWTR', 'VAR', 'SWY', 'SWN', 'TIF', 'TWC', 'TGNA', 'TWX', 'STR', 'TYC', 'TEG', 'TIE', 'SRCL', 'TSS', 'TLAB', 'SVU', 'VIAB', 'STJ']: possibly delisted; no timezone found
  prices 850/850
$WFM: possibly delisted; no timezone found
$WCG: possibly delisted; no timezone found
$XLNX: possibly delisted; no timezone found
$WPX: possibly delisted; no timezone found
$X: possibly delisted; no timezone found
$XL: possibly delisted; no timezone found
$XEC: possibly delisted; no timezone found
$WIN: possibly delisted; no timezone found
$WYN: possibly delisted; no timezone found
$WLTW: possibly delisted; no timezone found
$YHOO: possibly delisted; no timezone found
$XTO: possibly delisted; no price data found  (1d 2008-06-01 -> 2026-10-06)
$WBA: possibly delisted; no timezone found
$WFR: possibly delisted; no timezone found

14 Failed downloads:
['WFM', 'WCG', 'XLNX', 'WPX', 'X', 'XL', 'XEC', 'WIN', 'WYN', 'WLTW', 'YHOO', 'WBA', 'WFR']: possibly delisted; no timezone found
['XTO']: possibly delisted; no price data found  (1d 2008-06-01 -> 2026-10-06)
  prices 2/2
  prices 2/2
  prices 6/6
[10:13:40]   run done: rwkw_auto
[10:13:40]   run done: dtf50_auto
[10:13:40]   run done: dtf50_boost
[10:13:40]   run done: rwkw_boost
[10:13:50]   run done: dtf60_auto
[10:13:50]   run done: dtf0_auto
[10:13:52]   run done: dtf0_boost
[10:13:52]   run done: dtf60_boost
[10:14:01]   run done: dsc2_auto
[10:14:01]   run done: dsc2_boost
[10:14:03]   run done: dsc1_auto
[10:14:04]   run done: dsc1_boost
[10:14:13]   run done: dbl70_auto
[10:14:13]   run done: dbl70_boost
[10:14:14]   run done: dq30_auto
[10:14:15]   run done: dq30_boost
[10:14:24]   run done: dvt25_auto
[10:14:25]   run done: dvt25_boost
[10:14:26]   run done: dvt35_auto
[10:14:27]   run done: dvt35_boost
[10:14:35]   run done: dld_auto
[10:14:36]   run done: dld_boost
[10:14:37]   run done: d1_auto
[10:14:39]   run done: d1_boost
[10:14:43]   run done: dmix_auto
[10:14:44]   run done: dmix_boost
[10:14:46]   rwkw_auto: pre 0.2197 after 0.1412
[10:14:47]   dtf50_auto: pre 0.1807 after 0.1168
[10:14:47]   dtf50_boost: pre 0.1688 after 0.1092
[10:14:48]   rwkw_boost: pre 0.2082 after 0.1338
[10:14:48]   dtf60_auto: pre 0.1904 after 0.1228
[10:14:48]   dtf0_auto: pre 0.1261 after 0.083
[10:14:49]   dtf0_boost: pre 0.1091 after 0.073
[10:14:49]   dtf60_boost: pre 0.1796 after 0.1158
[10:14:50]   dsc2_auto: pre 0.2076 after 0.1342
[10:14:50]   dsc2_boost: pre 0.1968 after 0.1268
[10:14:50]   dsc1_auto: pre 0.1863 after 0.1195
[10:14:51]   dsc1_boost: pre 0.188 after 0.1205
[10:14:51]   dbl70_auto: pre 0.1959 after 0.1277
[10:14:52]   dbl70_boost: pre 0.1846 after 0.1196
[10:14:52]   dq30_auto: pre 0.2152 after 0.1511
[10:14:53]   dq30_boost: pre 0.2072 after 0.1458
[10:14:53]   dvt25_auto: pre 0.1738 after 0.1111
[10:14:54]   dvt25_boost: pre 0.1656 after 0.106
[10:14:54]   dvt35_auto: pre 0.1933 after 0.1239
[10:14:54]   dvt35_boost: pre 0.1947 after 0.1247
[10:14:55]   dld_auto: pre 0.2202 after 0.1408
[10:14:55]   dld_boost: pre 0.2039 after 0.1305
[10:14:56]   d1_auto: pre 0.2134 after 0.1365
[10:14:56]   d1_boost: pre 0.1896 after 0.1211
[10:14:56]   dmix_auto: pre 0.1836 after 0.1182
[10:14:57]   dmix_boost: pre 0.1677 after 0.108
[10:14:57] wrote /home/runner/work/NIBII/NIBII/data/improve_only.json in 3.1 min
