[14:40:09] universe: dashboard 518, point-in-time S&P candidates 835, fetching 850
  prices 100/850
$AGN: possibly delisted; no timezone found
HTTP Error 404: {"quoteSummary":{"result":null,"error":{"code":"Not Found","description":"Quote not found for symbol: AYE"}}}
$ABMD: possibly delisted; no timezone found
$AYE: possibly delisted; no timezone found
$AET: possibly delisted; no timezone found
$ALTR: possibly delisted; no timezone found
$ABK: possibly delisted; no timezone found
$ANSS: possibly delisted; no timezone found
$ATVI: possibly delisted; no timezone found
$ANDV: possibly delisted; no timezone found
$ADS: possibly delisted; no timezone found
$AVP: possibly delisted; no timezone found
$ACE: possibly delisted; no timezone found
$ARG: possibly delisted; no timezone found
$ALXN: possibly delisted; no timezone found
$AKS: possibly delisted; no timezone found
$APOL: possibly delisted; no timezone found
$BCR: possibly delisted; no timezone found
$ACAS: possibly delisted; no timezone found
$ANR: possibly delisted; no timezone found
$ARNC: possibly delisted; no timezone found

20 Failed downloads:
['AGN', 'ABMD', 'AYE', 'AET', 'ALTR', 'ABK', 'ANSS', 'ATVI', 'ANDV', 'ADS', 'AVP', 'ACE', 'ARG', 'ALXN', 'AKS', 'APOL', 'BCR', 'ACAS', 'ANR', 'ARNC']: possibly delisted; no timezone found
  prices 200/850
$CHK: possibly delisted; no timezone found
$BMS: possibly delisted; no timezone found
$CBE: possibly delisted; no timezone found
$BHI: possibly delisted; no timezone found
$CERN: possibly delisted; no timezone found
$BIG: possibly delisted; no timezone found
$COV: possibly delisted; no timezone found
$CCE: possibly delisted; no timezone found
$CPGX: possibly delisted; no timezone found
$CELG: possibly delisted; no timezone found
$BJS: possibly delisted; no timezone found
$CFN: possibly delisted; no timezone found
$CSC: possibly delisted; no timezone found
$COL: possibly delisted; no timezone found
$CMA: possibly delisted; no timezone found
$CFC: possibly delisted; no timezone found
$BXLT: possibly delisted; no timezone found
$BRCM: possibly delisted; no timezone found
$CEPH: possibly delisted; no timezone found
$BMC: possibly delisted; no timezone found
$CMCSK: possibly delisted; no timezone found
$CDAY: possibly delisted; no timezone found
$CA: possibly delisted; no timezone found

23 Failed downloads:
['CHK', 'BMS', 'CBE', 'BHI', 'CERN', 'BIG', 'COV', 'CCE', 'CPGX', 'CELG', 'BJS', 'CFN', 'CSC', 'COL', 'CMA', 'CFC', 'BXLT', 'BRCM', 'CEPH', 'BMC', 'CMCSK', 'CDAY', 'CA']: possibly delisted; no timezone found
  prices 300/850
$DFS: possibly delisted; no timezone found
$DNB: possibly delisted; no timezone found
$CVG: possibly delisted; no timezone found
$CTXS: possibly delisted; no timezone found
$CVH: possibly delisted; no timezone found
$ETFC: possibly delisted; no timezone found
$EVHC: possibly delisted; no timezone found
$ESRX: possibly delisted; no timezone found
$DISCK: possibly delisted; no timezone found
$DNR: possibly delisted; no timezone found
$DISH: possibly delisted; no timezone found
$ENDP: possibly delisted; no timezone found
$EK: possibly delisted; no timezone found
$DAY: possibly delisted; no timezone found
$CTLT: possibly delisted; no timezone found
$DO: possibly delisted; no timezone found
$DISCA: possibly delisted; no timezone found
$CXO: possibly delisted; no timezone found
$DRE: possibly delisted; no timezone found
$FBHS: possibly delisted; no timezone found
$ESV: possibly delisted; no timezone found
$DPS: possibly delisted; no timezone found
$CTX: possibly delisted; no timezone found
$CTRA: possibly delisted; no timezone found
$CVC: possibly delisted; no timezone found
$DWDP: possibly delisted; no timezone found
$DF: possibly delisted; no timezone found
$DTV: possibly delisted; no timezone found

28 Failed downloads:
['DFS', 'DNB', 'CVG', 'CTXS', 'CVH', 'ETFC', 'EVHC', 'ESRX', 'DISCK', 'DNR', 'DISH', 'ENDP', 'EK', 'DAY', 'CTLT', 'DO', 'DISCA', 'CXO', 'DRE', 'FBHS', 'ESV', 'DPS', 'CTX', 'CTRA', 'CVC', 'DWDP', 'DF', 'DTV']: possibly delisted; no timezone found
  prices 400/850
$HFC: possibly delisted; no timezone found
$HSP: possibly delisted; no timezone found
$HNZ: possibly delisted; no timezone found
$HBI: possibly delisted; no timezone found
$FNM: possibly delisted; no timezone found
$GMCR: possibly delisted; no timezone found
$HOT: possibly delisted; no timezone found
$FLIR: possibly delisted; no timezone found
$GGP: possibly delisted; no timezone found
$FRC: possibly delisted; no timezone found
$FRX: possibly delisted; no timezone found
$HOLX: possibly delisted; no timezone found
$FRE: possibly delisted; no timezone found
$GR: possibly delisted; no price data found  (1d 2008-06-01 -> 2026-10-06)
$FII: possibly delisted; no timezone found
$HAR: possibly delisted; no timezone found
$HCBK: possibly delisted; no timezone found
$GPS: possibly delisted; no timezone found
$HES: possibly delisted; no timezone found
$GAS: possibly delisted; no timezone found
$FL: possibly delisted; no timezone found
$FTR: possibly delisted; no timezone found
$FDO: possibly delisted; no timezone found

23 Failed downloads:
['HFC', 'HSP', 'HNZ', 'HBI', 'FNM', 'GMCR', 'HOT', 'FLIR', 'GGP', 'FRC', 'FRX', 'HOLX', 'FRE', 'FII', 'HAR', 'HCBK', 'GPS', 'HES', 'GAS', 'FL', 'FTR', 'FDO']: possibly delisted; no timezone found
['GR']: possibly delisted; no price data found  (1d 2008-06-01 -> 2026-10-06)
  prices 500/850
$LSI: possibly delisted; no timezone found
$JDSU: possibly delisted; no timezone found
$JNPR: possibly delisted; no timezone found
$JWN: possibly delisted; no timezone found
$LM: possibly delisted; no timezone found
$KSU: possibly delisted; no timezone found
$K: possibly delisted; no timezone found
$LO: possibly delisted; no timezone found
$JOY: possibly delisted; no timezone found
$JCP |: possibly delisted; no timezone found
$KRFT: possibly delisted; no timezone found
$LEH: possibly delisted; no timezone found
$IPG: possibly delisted; no timezone found
$LVLT: possibly delisted; no timezone found
$JNY: possibly delisted; no timezone found
$IGT: possibly delisted; no timezone found
$LXK: possibly delisted; no timezone found
$KFT: possibly delisted; no timezone found
$ITT |: possibly delisted; no timezone found
$LLL: possibly delisted; no timezone found
$LLTC: possibly delisted; no timezone found
$JNS: possibly delisted; no timezone found

22 Failed downloads:
['LSI', 'JDSU', 'JNPR', 'JWN', 'LM', 'KSU', 'K', 'LO', 'JOY', 'JCP |', 'KRFT', 'LEH', 'IPG', 'LVLT', 'JNY', 'IGT', 'LXK', 'KFT', 'ITT |', 'LLL', 'LLTC', 'JNS']: possibly delisted; no timezone found
  prices 600/850
$NLSN: possibly delisted; no timezone found
$NOVL: possibly delisted; no timezone found
$MIL: possibly delisted; no timezone found
$MWW: possibly delisted; no timezone found
$ODP: possibly delisted; no timezone found
$MJN: possibly delisted; no timezone found
$MON: possibly delisted; no timezone found
$NYX: possibly delisted; no price data found  (1d 2008-06-01 -> 2026-10-06)
$MHS: possibly delisted; no timezone found
$MRO: possibly delisted; no timezone found
$NBL: possibly delisted; no timezone found
$NVLS: possibly delisted; no timezone found
$MNK: possibly delisted; no timezone found
$PBCT: possibly delisted; no timezone found
$MOLX: possibly delisted; no timezone found
$OMX: possibly delisted; no timezone found
$NSM: possibly delisted; no timezone found
$MDP: possibly delisted; no timezone found
$MEE: possibly delisted; no timezone found
$MXIM: possibly delisted; no timezone found
$MFE: possibly delisted; no timezone found

21 Failed downloads:
['NLSN', 'NOVL', 'MIL', 'MWW', 'ODP', 'MJN', 'MON', 'MHS', 'MRO', 'NBL', 'NVLS', 'MNK', 'PBCT', 'MOLX', 'OMX', 'NSM', 'MDP', 'MEE', 'MXIM', 'MFE']: possibly delisted; no timezone found
['NYX']: possibly delisted; no price data found  (1d 2008-06-01 -> 2026-10-06)
  prices 700/850
$PTV: possibly delisted; no timezone found
$PETM: possibly delisted; no timezone found
$SIVB: possibly delisted; no timezone found
$SCG: possibly delisted; no timezone found
$RHT: possibly delisted; no timezone found
$PXD: possibly delisted; no timezone found
$RX: possibly delisted; no timezone found
$RAI: possibly delisted; no timezone found
$RDC: possibly delisted; no timezone found
$SAI: possibly delisted; no timezone found
$SIAL: possibly delisted; no timezone found
$PGN: possibly delisted; no timezone found
$RSH: possibly delisted; no timezone found
$PDCO: possibly delisted; no timezone found
$QEP: possibly delisted; no timezone found
$SEE: possibly delisted; no timezone found
$PLL: possibly delisted; no timezone found
$PCP: possibly delisted; no timezone found
$RRD: possibly delisted; no timezone found
$RTN: possibly delisted; no timezone found

21 Failed downloads:
['PTV', 'PETM', 'SIVB', 'SCG', 'RHT', 'PXD', 'RX', 'RAI', 'RDC', 'SAI', 'SIAL', 'PGN', 'RSH', 'PDCO', 'QEP', 'SEE', 'PLL', 'PCP', 'RRD', 'RTN']: possibly delisted; no timezone found
['SNI']: YFRateLimitError('Too Many Requests. Rate limited. Try after a while.')
  prices 800/850
$TYC: possibly delisted; no timezone found
$SWY: possibly delisted; no timezone found
$SRCL: possibly delisted; no timezone found
$VAR: possibly delisted; no timezone found
$SVU: possibly delisted; no timezone found
$TGNA: possibly delisted; no timezone found
$TEG: possibly delisted; no timezone found
$SWN: possibly delisted; no timezone found
$TWX: possibly delisted; no timezone found
$VIAB: possibly delisted; no timezone found
$STR: possibly delisted; no timezone found
$TWC: possibly delisted; no timezone found
$TIE: possibly delisted; no timezone found
$STJ: possibly delisted; no timezone found
$TSS: possibly delisted; no timezone found
$TLAB: possibly delisted; no timezone found
$TWTR: possibly delisted; no timezone found
$TIF: possibly delisted; no timezone found

18 Failed downloads:
['TYC', 'SWY', 'SRCL', 'VAR', 'SVU', 'TGNA', 'TEG', 'SWN', 'TWX', 'VIAB', 'STR', 'TWC', 'TIE', 'STJ', 'TSS', 'TLAB', 'TWTR', 'TIF']: possibly delisted; no timezone found
  prices 850/850
$XEC: possibly delisted; no timezone found
$XTO: possibly delisted; no price data found  (1d 2008-06-01 -> 2026-10-06)
$WFM: possibly delisted; no timezone found
$WBA: possibly delisted; no timezone found
$YHOO: possibly delisted; no timezone found
$XL: possibly delisted; no timezone found
$WIN: possibly delisted; no timezone found
$XLNX: possibly delisted; no timezone found
$WYN: possibly delisted; no timezone found
$WPX: possibly delisted; no timezone found
$WLTW: possibly delisted; no timezone found
$WFR: possibly delisted; no timezone found
$X: possibly delisted; no timezone found

14 Failed downloads:
['XEC', 'WFM', 'WBA', 'YHOO', 'XL', 'WIN', 'XLNX', 'WYN', 'WPX', 'WLTW', 'WFR', 'X']: possibly delisted; no timezone found
['XTO']: possibly delisted; no price data found  (1d 2008-06-01 -> 2026-10-06)
['WCG']: YFRateLimitError('Too Many Requests. Rate limited. Try after a while.')
  prices 2/2
  prices 2/2
  prices 6/6
[14:41:44] plan: {'pre': 0.2266, 'after': 0.1466, 'dd': -0.2949, 'first': 0.147, 'second': 0.3522, 'final': 30.62}
[14:41:44] roll4_1.15_0.02: {'pre': 0.2558, 'after': 0.1671, 'dd': -0.3735, 'first': 0.1784, 'second': 0.3774, 'final': 45.41}
[14:41:44] roll4_1.15_0.05: {'pre': 0.2541, 'after': 0.1689, 'dd': -0.5938, 'first': 0.1831, 'second': 0.3647, 'final': 44.35}
[14:41:44] roll4_1.3_0.02: {'pre': 0.2029, 'after': 0.1327, 'dd': -0.3895, 'first': 0.1283, 'second': 0.3201, 'final': 22.08}
[14:41:44] roll4_1.3_0.05: {'pre': 0.1346, 'after': 0.0903, 'dd': -0.6562, 'first': 0.0696, 'second': 0.2358, 'final': 8.29}
[14:41:44] roll4_1.5_0.02: {'pre': 0.1513, 'after': 0.0995, 'dd': -0.4127, 'first': 0.0796, 'second': 0.2638, 'final': 10.58}
[14:41:44] roll4_1.5_0.05: {'pre': 0.0227, 'after': 0.0151, 'dd': -0.7373, 'first': -0.0361, 'second': 0.1146, 'final': 1.46}
[14:41:44] roll4_tp80_1.15_0.02: {'pre': 0.1819, 'after': 0.119, 'dd': -0.3988, 'first': 0.0908, 'second': 0.3279, 'final': 16.44}
[14:41:44] roll4_tp80_1.15_0.05: {'pre': 0.1029, 'after': 0.0704, 'dd': -0.6566, 'first': -0.0029, 'second': 0.2768, 'final': 5.16}
[14:41:44] roll4_tp80_1.3_0.02: {'pre': 0.1443, 'after': 0.0948, 'dd': -0.4291, 'first': 0.0613, 'second': 0.2764, 'final': 9.56}
[14:41:44] roll4_tp80_1.3_0.05: {'pre': 0.0166, 'after': 0.011, 'dd': -0.7204, 'first': -0.0692, 'second': 0.1555, 'final': 1.32}
[14:41:44] roll4_tp80_1.5_0.02: {'pre': 0.1217, 'after': 0.0803, 'dd': -0.4395, 'first': 0.0441, 'second': 0.2448, 'final': 6.85}
[14:41:44] roll4_tp80_1.5_0.05: {'pre': -0.0337, 'after': -0.0337, 'dd': -0.8302, 'first': -0.1069, 'second': 0.0833, 'final': 0.56}
[14:41:44] roll4_tp100_1.15_0.02: {'pre': 0.1852, 'after': 0.1207, 'dd': -0.4151, 'first': 0.0935, 'second': 0.3322, 'final': 17.22}
[14:41:45] roll4_tp100_1.15_0.05: {'pre': 0.1077, 'after': 0.0722, 'dd': -0.6822, 'first': 0.0016, 'second': 0.282, 'final': 5.55}
[14:41:45] roll4_tp100_1.3_0.02: {'pre': 0.1617, 'after': 0.1057, 'dd': -0.4279, 'first': 0.0787, 'second': 0.2936, 'final': 12.3}
[14:41:45] roll4_tp100_1.3_0.05: {'pre': 0.053, 'after': 0.0357, 'dd': -0.7094, 'first': -0.033, 'second': 0.1916, 'final': 2.38}
[14:41:45] roll4_tp100_1.5_0.02: {'pre': 0.119, 'after': 0.0786, 'dd': -0.434, 'first': 0.048, 'second': 0.2306, 'final': 6.57}
[14:41:45] roll4_tp100_1.5_0.05: {'pre': -0.0405, 'after': -0.0405, 'dd': -0.8529, 'first': -0.0993, 'second': 0.0518, 'final': 0.5}
[14:41:45] new1_1.15_0.02: {'pre': 0.2186, 'after': 0.1436, 'dd': -0.4801, 'first': 0.1176, 'second': 0.3816, 'final': 27.42}
[14:41:45] new1_1.15_0.05: {'pre': 0.1485, 'after': 0.0993, 'dd': -0.7615, 'first': 0.031, 'second': 0.343, 'final': 10.16}
[14:41:45] new1_1.3_0.02: {'pre': 0.1295, 'after': 0.0854, 'dd': -0.4899, 'first': 0.0408, 'second': 0.272, 'final': 7.69}
[14:41:45] new1_1.3_0.05: {'pre': -0.0435, 'after': -0.0435, 'dd': -0.9209, 'first': -0.1322, 'second': 0.1015, 'final': 0.47}
[14:41:45] new1_1.5_0.02: {'pre': 0.0452, 'after': 0.03, 'dd': -0.5398, 'first': -0.0326, 'second': 0.1692, 'final': 2.1}
[14:41:45] new1_1.5_0.05: {'pre': -0.2108, 'after': -0.2108, 'dd': -0.9928, 'first': -0.2765, 'second': -0.1047, 'final': 0.02}
[14:41:45] new1_tp80_1.15_0.02: {'pre': 0.1898, 'after': 0.125, 'dd': -0.4152, 'first': 0.0825, 'second': 0.3648, 'final': 18.38}
[14:41:45] new1_tp80_1.15_0.05: {'pre': 0.1088, 'after': 0.0756, 'dd': -0.715, 'first': -0.0292, 'second': 0.3448, 'final': 5.64}
[14:41:45] new1_tp80_1.3_0.02: {'pre': 0.1206, 'after': 0.0805, 'dd': -0.4467, 'first': 0.0249, 'second': 0.2757, 'final': 6.74}
[14:41:45] new1_tp80_1.3_0.05: {'pre': -0.0499, 'after': -0.0499, 'dd': -0.9408, 'first': -0.1572, 'second': 0.1304, 'final': 0.42}
[14:41:45] new1_tp80_1.5_0.02: {'pre': 0.0575, 'after': 0.0389, 'dd': -0.4825, 'first': -0.0248, 'second': 0.1895, 'final': 2.55}
[14:41:45] new1_tp80_1.5_0.05: {'pre': -0.1824, 'after': -0.1824, 'dd': -0.9892, 'first': -0.259, 'second': -0.0569, 'final': 0.03}
[14:41:45] new1_tp100_1.15_0.02: {'pre': 0.1976, 'after': 0.13, 'dd': -0.4235, 'first': 0.0914, 'second': 0.3704, 'final': 20.51}
[14:41:45] new1_tp100_1.15_0.05: {'pre': 0.1214, 'after': 0.0838, 'dd': -0.6777, 'first': -0.014, 'second': 0.3518, 'final': 6.82}
[14:41:45] new1_tp100_1.3_0.02: {'pre': 0.1298, 'after': 0.0862, 'dd': -0.4525, 'first': 0.0398, 'second': 0.2745, 'final': 7.72}
[14:41:45] new1_tp100_1.3_0.05: {'pre': -0.0344, 'after': -0.0344, 'dd': -0.9071, 'first': -0.1295, 'second': 0.1223, 'final': 0.56}
[14:41:45] new1_tp100_1.5_0.02: {'pre': 0.043, 'after': 0.0287, 'dd': -0.5291, 'first': -0.0411, 'second': 0.1785, 'final': 2.03}
[14:41:45] new1_tp100_1.5_0.05: {'pre': -0.213, 'after': -0.213, 'dd': -0.9934, 'first': -0.2922, 'second': -0.0821, 'final': 0.02}
[14:41:45] events: {"roll4_1.15": {"n": 218, "hit": 0.44, "avgMult": 1.207, "perYear": 13.0}, "roll4_1.3": {"n": 218, "hit": 0.413, "avgMult": 1.021, "perYear": 13.0}, "roll4_1.5": {"n": 218, "hit": 0.381, "avgMult": 0.834, "perYear": 13.0}, "roll4_tp80_1.15": {"n": 218, "hit": 0.509, "avgMult": 0.904, "perYear": 13.0}, "roll4_tp80_1.3": {"n": 218, "hit": 0.468, "avgMult": 0.774, "perYear": 13.0}, "roll4_tp80_1.5": {"n": 218, "hit": 0.422, "avgMult": 0.7, "perYear": 13.0}, "roll4_tp100_1.15": {"n": 218, "hit": 0.491, "avgMult": 0.916, "perYear": 13.0}, "roll4_tp100_1.3": {"n": 218, "hit": 0.459, "avgMult": 0.842, "perYear": 13.0}, "roll4_tp100_1.5": {"n": 218, "hit": 0.404, "avgMult": 0.693, "perYear": 13.0}, "new1_1.15": {"n": 396, "hit": 0.477, "avgMult": 1.069, "perYear": 23.6}, "new1_1.3": {"n": 396, "hit": 0.452, "avgMult": 0.894, "perYear": 23.6}, "new1_1.5": {"n": 396, "hit": 0.429, "avgMult": 0.719, "perYear": 23.6}, "new1_tp80_1.15": {"n": 396, "hit": 0.548, "avgMult": 0.985, "perYear": 23.6}, "new1_tp80_1.3": {"n": 396, "hit": 0.505, "avgMult": 0.857, "perYear": 23.6}, "new1_tp80_1.5": {"n": 396, "hit": 0.472, "avgMult": 0.735, "perYear": 23.6}, "new1_tp100_1.15": {"n": 396, "hit": 0.528, "avgMult": 1.004, "perYear": 23.6}, "new1_tp100_1.3": {"n": 396, "hit": 0.492, "avgMult": 0.882, "perYear": 23.6}, "new1_tp100_1.5": {"n": 396, "hit": 0.452, "avgMult": 0.708, "perYear": 23.6}}
