[02:05:20] universe: dashboard 518, point-in-time S&P candidates 835, fetching 850
  prices 100/850
HTTP Error 404: {"quoteSummary":{"result":null,"error":{"code":"Not Found","description":"Quote not found for symbol: APOL"}}}
$ALXN: possibly delisted; no timezone found
$APOL: possibly delisted; no timezone found
$AVP: possibly delisted; no timezone found
$ACE: possibly delisted; no timezone found
$ANDV: possibly delisted; no timezone found
$ANR: possibly delisted; no timezone found
$ARNC: possibly delisted; no timezone found
$ABK: possibly delisted; no timezone found
$AKS: possibly delisted; no timezone found
$ADS: possibly delisted; no timezone found
$AET: possibly delisted; no timezone found
$AGN: possibly delisted; no timezone found
$ABMD: possibly delisted; no timezone found
$ATVI: possibly delisted; no timezone found
$AYE: possibly delisted; no timezone found
$ALTR: possibly delisted; no timezone found
$ACAS: possibly delisted; no timezone found
$ARG: possibly delisted; no timezone found
$BCR: possibly delisted; no timezone found
$ANSS: possibly delisted; no timezone found

20 Failed downloads:
['ALXN', 'APOL', 'AVP', 'ACE', 'ANDV', 'ANR', 'ARNC', 'ABK', 'AKS', 'ADS', 'AET', 'AGN', 'ABMD', 'ATVI', 'AYE', 'ALTR', 'ACAS', 'ARG', 'BCR', 'ANSS']: possibly delisted; no timezone found
  prices 200/850
$CELG: possibly delisted; no timezone found
$COV: possibly delisted; no timezone found
$CSC: possibly delisted; no timezone found
$BIG: possibly delisted; no timezone found
$BMS: possibly delisted; no timezone found
$BMC: possibly delisted; no timezone found
$CPGX: possibly delisted; no timezone found
$CCE: possibly delisted; no timezone found
$CHK: possibly delisted; no timezone found
$CBE: possibly delisted; no timezone found
$CMCSK: possibly delisted; no timezone found
$COL: possibly delisted; no timezone found
$BXLT: possibly delisted; no timezone found
$CA: possibly delisted; no timezone found
$CFN: possibly delisted; no timezone found
$CDAY: possibly delisted; no timezone found
$CEPH: possibly delisted; no timezone found
$BRCM: possibly delisted; no timezone found
$CERN: possibly delisted; no timezone found
$BHI: possibly delisted; no timezone found
$CMA: possibly delisted; no timezone found
$CFC: possibly delisted; no timezone found
$BJS: possibly delisted; no timezone found

23 Failed downloads:
['CELG', 'COV', 'CSC', 'BIG', 'BMS', 'BMC', 'CPGX', 'CCE', 'CHK', 'CBE', 'CMCSK', 'COL', 'BXLT', 'CA', 'CFN', 'CDAY', 'CEPH', 'BRCM', 'CERN', 'BHI', 'CMA', 'CFC', 'BJS']: possibly delisted; no timezone found
  prices 300/850
$EK: possibly delisted; no timezone found
$CVH: possibly delisted; no timezone found
$DPS: possibly delisted; no timezone found
$ESV: possibly delisted; no timezone found
$DO: possibly delisted; no timezone found
$DISCA: possibly delisted; no timezone found
$ENDP: possibly delisted; no timezone found
$DISCK: possibly delisted; no timezone found
$CTX: possibly delisted; no timezone found
$CVC: possibly delisted; no timezone found
$DNR: possibly delisted; no timezone found
$CVG: possibly delisted; no timezone found
$DISH: possibly delisted; no timezone found
$DF: possibly delisted; no timezone found
$DNB: possibly delisted; no timezone found
$DFS: possibly delisted; no timezone found
$DAY: possibly delisted; no timezone found
$ESRX: possibly delisted; no timezone found
$CXO: possibly delisted; no timezone found
$DWDP: possibly delisted; no timezone found
$DTV: possibly delisted; no timezone found
$DRE: possibly delisted; no timezone found
$CTXS: possibly delisted; no timezone found
$ETFC: possibly delisted; no timezone found
$CTRA: possibly delisted; no timezone found
$FBHS: possibly delisted; no timezone found
$CTLT: possibly delisted; no timezone found
$EVHC: possibly delisted; no timezone found

28 Failed downloads:
['EK', 'CVH', 'DPS', 'ESV', 'DO', 'DISCA', 'ENDP', 'DISCK', 'CTX', 'CVC', 'DNR', 'CVG', 'DISH', 'DF', 'DNB', 'DFS', 'DAY', 'ESRX', 'CXO', 'DWDP', 'DTV', 'DRE', 'CTXS', 'ETFC', 'CTRA', 'FBHS', 'CTLT', 'EVHC']: possibly delisted; no timezone found
  prices 400/850
$FII: possibly delisted; no timezone found
$GAS: possibly delisted; no timezone found
$GPS: possibly delisted; no timezone found
$HCBK: possibly delisted; no timezone found
$GGP: possibly delisted; no timezone found
$GR: possibly delisted; no price data found  (1d 2008-06-01 -> 2026-10-05)
$FDO: possibly delisted; no timezone found
$HOLX: possibly delisted; no timezone found
$FRC: possibly delisted; no timezone found
$FRX: possibly delisted; no timezone found
$FLIR: possibly delisted; no timezone found
$FTR: possibly delisted; no timezone found
$HSP: possibly delisted; no timezone found
$HOT: possibly delisted; no timezone found
$FNM: possibly delisted; no timezone found
$HBI: possibly delisted; no timezone found
$HAR: possibly delisted; no timezone found
$HES: possibly delisted; no timezone found
$HNZ: possibly delisted; no timezone found
$GMCR: possibly delisted; no timezone found
$FRE: possibly delisted; no timezone found
$HFC: possibly delisted; no timezone found
$FL: possibly delisted; no timezone found

23 Failed downloads:
['FII', 'GAS', 'GPS', 'HCBK', 'GGP', 'FDO', 'HOLX', 'FRC', 'FRX', 'FLIR', 'FTR', 'HSP', 'HOT', 'FNM', 'HBI', 'HAR', 'HES', 'HNZ', 'GMCR', 'FRE', 'HFC', 'FL']: possibly delisted; no timezone found
['GR']: possibly delisted; no price data found  (1d 2008-06-01 -> 2026-10-05)
  prices 500/850
$LXK: possibly delisted; no timezone found
$JNS: possibly delisted; no timezone found
$ITT |: possibly delisted; no timezone found
$JWN: possibly delisted; no timezone found
$JOY: possibly delisted; no timezone found
$LLL: possibly delisted; no timezone found
$LO: possibly delisted; no timezone found
$IPG: possibly delisted; no timezone found
$KFT: possibly delisted; no timezone found
$LVLT: possibly delisted; no timezone found
$IGT: possibly delisted; no timezone found
$JNPR: possibly delisted; no timezone found
$KSU: possibly delisted; no timezone found
$LLTC: possibly delisted; no timezone found
$LM: possibly delisted; no timezone found
$K: possibly delisted; no timezone found
$LEH: possibly delisted; no timezone found
$KRFT: possibly delisted; no timezone found
$JDSU: possibly delisted; no timezone found
$JNY: possibly delisted; no timezone found
$JCP |: possibly delisted; no timezone found
$LSI: possibly delisted; no timezone found

22 Failed downloads:
['LXK', 'JNS', 'ITT |', 'JWN', 'JOY', 'LLL', 'LO', 'IPG', 'KFT', 'LVLT', 'IGT', 'JNPR', 'KSU', 'LLTC', 'LM', 'K', 'LEH', 'KRFT', 'JDSU', 'JNY', 'JCP |', 'LSI']: possibly delisted; no timezone found
  prices 600/850
$MEE: possibly delisted; no timezone found
$MJN: possibly delisted; no timezone found
$NBL: possibly delisted; no timezone found
$MNK: possibly delisted; no timezone found
$ODP: possibly delisted; no timezone found
$NSM: possibly delisted; no timezone found
$PBCT: possibly delisted; no timezone found
$NYX: possibly delisted; no price data found  (1d 2008-06-01 -> 2026-10-05)
$MHS: possibly delisted; no timezone found
$MWW: possibly delisted; no timezone found
$MDP: possibly delisted; no timezone found
$MXIM: possibly delisted; no timezone found
$NVLS: possibly delisted; no timezone found
$MRO: possibly delisted; no timezone found
$MIL: possibly delisted; no timezone found
$MON: possibly delisted; no timezone found
$MOLX: possibly delisted; no timezone found
$NOVL: possibly delisted; no timezone found
$NLSN: possibly delisted; no timezone found
$OMX: possibly delisted; no timezone found
$MFE: possibly delisted; no timezone found

21 Failed downloads:
['MEE', 'MJN', 'NBL', 'MNK', 'ODP', 'NSM', 'PBCT', 'MHS', 'MWW', 'MDP', 'MXIM', 'NVLS', 'MRO', 'MIL', 'MON', 'MOLX', 'NOVL', 'NLSN', 'OMX', 'MFE']: possibly delisted; no timezone found
['NYX']: possibly delisted; no price data found  (1d 2008-06-01 -> 2026-10-05)
  prices 700/850
$PETM: possibly delisted; no timezone found
$RAI: possibly delisted; no timezone found
$SEE: possibly delisted; no timezone found
$RSH: possibly delisted; no timezone found
$PXD: possibly delisted; no timezone found
$RDC: possibly delisted; no timezone found
$SIVB: possibly delisted; no timezone found
$PGN: possibly delisted; no timezone found
$RX: possibly delisted; no timezone found
$SAI: possibly delisted; no timezone found
$SNI: possibly delisted; no timezone found
$PLL: possibly delisted; no timezone found
$PTV: possibly delisted; no timezone found
$SIAL: possibly delisted; no timezone found
$QEP: possibly delisted; no timezone found
$RTN: possibly delisted; no timezone found
$RHT: possibly delisted; no timezone found
$PCP: possibly delisted; no timezone found
$RRD: possibly delisted; no timezone found
$SCG: possibly delisted; no timezone found
$PDCO: possibly delisted; no timezone found

21 Failed downloads:
['PETM', 'RAI', 'SEE', 'RSH', 'PXD', 'RDC', 'SIVB', 'PGN', 'RX', 'SAI', 'SNI', 'PLL', 'PTV', 'SIAL', 'QEP', 'RTN', 'RHT', 'PCP', 'RRD', 'SCG', 'PDCO']: possibly delisted; no timezone found
  prices 800/850
$TWC: possibly delisted; no timezone found
$TEG: possibly delisted; no timezone found
$TGNA: possibly delisted; no timezone found
$VIAB: possibly delisted; no timezone found
$SRCL: possibly delisted; no timezone found
$VAR: possibly delisted; no timezone found
$SWY: possibly delisted; no timezone found
$TYC: possibly delisted; no timezone found
$STR: possibly delisted; no timezone found
$TSS: possibly delisted; no timezone found
$TLAB: possibly delisted; no timezone found
$TWTR: possibly delisted; no timezone found
$SWN: possibly delisted; no timezone found
$TWX: possibly delisted; no timezone found
$SVU: possibly delisted; no timezone found
$TIE: possibly delisted; no timezone found
$STJ: possibly delisted; no timezone found
$TIF: possibly delisted; no timezone found

18 Failed downloads:
['TWC', 'TEG', 'TGNA', 'VIAB', 'SRCL', 'VAR', 'SWY', 'TYC', 'STR', 'TSS', 'TLAB', 'TWTR', 'SWN', 'TWX', 'SVU', 'TIE', 'STJ', 'TIF']: possibly delisted; no timezone found
  prices 850/850
$WCG: possibly delisted; no timezone found
$WFM: possibly delisted; no timezone found
$YHOO: possibly delisted; no timezone found
$XTO: possibly delisted; no price data found  (1d 2008-06-01 -> 2026-10-05)
$WPX: possibly delisted; no timezone found
$WFR: possibly delisted; no timezone found
$WIN: possibly delisted; no timezone found
$XLNX: possibly delisted; no timezone found
$WLTW: possibly delisted; no timezone found
$WYN: possibly delisted; no timezone found
$XEC: possibly delisted; no timezone found
$X: possibly delisted; no timezone found
$WBA: possibly delisted; no timezone found
$XL: possibly delisted; no timezone found

14 Failed downloads:
['WCG', 'WFM', 'YHOO', 'WPX', 'WFR', 'WIN', 'XLNX', 'WLTW', 'WYN', 'XEC', 'X', 'WBA', 'XL']: possibly delisted; no timezone found
['XTO']: possibly delisted; no price data found  (1d 2008-06-01 -> 2026-10-05)
  prices 2/2
  prices 2/2
  prices 6/6
[02:06:48] calendar 2008-06-02 - 2026-10-05; usable point-in-time series 608
[02:06:50]   run done: sp_top5
[02:06:50]   run done: base_top5
[02:06:50]   run done: base_boost
[02:06:50]   run done: sp_boost
[02:06:51]   run done: pit_top5
[02:06:51]   run done: pit_boost
[02:06:54]   ledger base_boost_ledger_005: final 29,457,146
[02:06:54]   ledger base_auto_ledger_005: final 18,881,112
[02:06:54]   ledger sp_boost_ledger_005: final 13,434,704
[02:06:54]   ledger sp_auto_ledger_005: final 8,704,157
[02:06:54]   ledger pit_boost_pretax_0.0005: final 2,829,859
[02:06:54]   ledger pit_auto_pretax_0.0005: final 3,984,335
[02:06:54]   ledger pit_boost_pretax_0.0015: final 1,832,635
[02:06:55]   ledger pit_auto_pretax_0.0015: final 2,581,735
[02:06:55]   ledger pit_boost_pretax_0.003: final 956,026
[02:06:55]   ledger pit_auto_pretax_0.003: final 1,347,925
[02:06:55]   ledger pit_boost_tax: final 723,528
[02:06:55]   ledger pit_boost_tax_fifo: final 709,280
[02:06:55]   ledger pit_boost_tax_niit: final 648,527
[02:06:56]   ledger pit_auto_tax: final 885,943
[02:06:56]   ledger pit_boost_band0.25_pretax: final 1,903,532
[02:06:56]   ledger pit_boost_band0.25_tax: final 741,592
[02:06:56]   ledger pit_auto_band0.25_pretax: final 2,638,521
[02:06:56]   ledger pit_auto_band0.25_tax: final 899,785
[02:06:56]   ledger pit_boost_band0.5_pretax: final 1,333,602
[02:06:56]   ledger pit_boost_band0.5_tax: final 572,730
[02:06:56]   ledger pit_auto_band0.5_pretax: final 1,427,855
[02:06:56]   ledger pit_auto_band0.5_tax: final 600,277
[02:06:57]   leak test 2011-12-16: past True next True split True sleeve True
[02:06:57]   leak test 2012-06-08: past True next True split True sleeve True
[02:06:58]   leak test 2013-12-20: past True next True split True sleeve True
[02:06:59]   leak test 2017-05-12: past True next True split True sleeve True
[02:07:00]   leak test 2018-10-05: past True next True split True sleeve True
[02:07:02]   leak test 2023-10-13: past True next True split True sleeve True
[02:07:05]   run done: start_2011-01-03
[02:07:05]   run done: start_2011-07-01
[02:07:05]   run done: start_2012-01-03
[02:07:05]   run done: start_2010-07-01
[02:07:06]   run done: start_2012-07-02
[02:07:06]   run done: start_2013-01-02
[02:07:06]   run done: start_2014-01-02
[02:07:06]   run done: start_2013-07-01
[02:07:07]   run done: start_2015-01-02
[02:07:07]   run done: start_2014-07-01
[02:07:07]   run done: start_2015-07-01
[02:07:07]   run done: start_2016-01-04
[02:07:08]   run done: start_2018-01-02
[02:07:08]   run done: start_2017-01-03
[02:07:08]   run done: start_2017-07-03
[02:07:08]   run done: start_2016-07-01
[02:07:09]   run done: start_2019-01-02
[02:07:09]   run done: start_2020-01-02
[02:07:09]   run done: start_2019-07-01
[02:07:09]   run done: start_2018-07-02
[02:07:10]   run done: start_2022-01-03
[02:07:10]   run done: start_2021-07-01
[02:07:10]   run done: start_2021-01-04
[02:07:10]   run done: start_2020-07-01
[02:07:10]   run done: start_2023-07-03
[02:07:10]   run done: start_2023-01-03
[02:07:10]   run done: start_2022-07-01
[02:07:11]   run done: ex_best1
[02:07:12]   run done: ex_best3
[02:07:13] wrote /home/runner/work/NIBII/NIBII/data/robustness.json in 1.9 min
