[04:21:03] universe: dashboard 518, point-in-time S&P candidates 835, fetching 850
  prices 100/850
$ARNC: possibly delisted; no timezone found
$ADS: possibly delisted; no timezone found
$ALXN: possibly delisted; no timezone found
$ALTR: possibly delisted; no timezone found
$ABMD: possibly delisted; no timezone found
$APOL: possibly delisted; no timezone found
$ACE: possibly delisted; no timezone found
$ANDV: possibly delisted; no timezone found
$ATVI: possibly delisted; no timezone found
$AVP: possibly delisted; no timezone found
$AYE: possibly delisted; no timezone found
$ACAS: possibly delisted; no timezone found
$AET: possibly delisted; no timezone found
$ABK: possibly delisted; no timezone found
$BCR: possibly delisted; no timezone found
$ANR: possibly delisted; no timezone found
$AKS: possibly delisted; no timezone found
$ANSS: possibly delisted; no timezone found
$AGN: possibly delisted; no timezone found
$ARG: possibly delisted; no timezone found

20 Failed downloads:
['ARNC', 'ADS', 'ALXN', 'ALTR', 'ABMD', 'APOL', 'ACE', 'ANDV', 'ATVI', 'AVP', 'AYE', 'ACAS', 'AET', 'ABK', 'BCR', 'ANR', 'AKS', 'ANSS', 'AGN', 'ARG']: possibly delisted; no timezone found
  prices 200/850
$BHI: possibly delisted; no timezone found
$BJS: possibly delisted; no timezone found
$CDAY: possibly delisted; no timezone found
$COL: possibly delisted; no timezone found
$BMS: possibly delisted; no timezone found
$CFC: possibly delisted; no timezone found
$CPGX: possibly delisted; no timezone found
$CSC: possibly delisted; no timezone found
$CBE: possibly delisted; no timezone found
$BIG: possibly delisted; no timezone found
$CFN: possibly delisted; no timezone found
$CMA: possibly delisted; no timezone found
$BXLT: possibly delisted; no timezone found
$CMCSK: possibly delisted; no timezone found
$CEPH: possibly delisted; no timezone found
$CCE: possibly delisted; no timezone found
$COV: possibly delisted; no timezone found
$CA: possibly delisted; no timezone found
$CERN: possibly delisted; no timezone found
$CELG: possibly delisted; no timezone found
$CHK: possibly delisted; no timezone found
$BMC: possibly delisted; no timezone found
$BRCM: possibly delisted; no timezone found

23 Failed downloads:
['BHI', 'BJS', 'CDAY', 'COL', 'BMS', 'CFC', 'CPGX', 'CSC', 'CBE', 'BIG', 'CFN', 'CMA', 'BXLT', 'CMCSK', 'CEPH', 'CCE', 'COV', 'CA', 'CERN', 'CELG', 'CHK', 'BMC', 'BRCM']: possibly delisted; no timezone found
  prices 300/850
$CVC: possibly delisted; no timezone found
$CXO: possibly delisted; no timezone found
$CTRA: possibly delisted; no timezone found
$CVG: possibly delisted; no timezone found
$EVHC: possibly delisted; no timezone found
$DRE: possibly delisted; no timezone found
$DFS: possibly delisted; no timezone found
$DAY: possibly delisted; no timezone found
$CVH: possibly delisted; no timezone found
$CTXS: possibly delisted; no timezone found
$DWDP: possibly delisted; no timezone found
$DO: possibly delisted; no timezone found
$CTLT: possibly delisted; no timezone found
$ESV: possibly delisted; no timezone found
$ESRX: possibly delisted; no timezone found
$EK: possibly delisted; no timezone found
$DISCK: possibly delisted; no timezone found
$DNR: possibly delisted; no timezone found
$DNB: possibly delisted; no timezone found
$DF: possibly delisted; no timezone found
$CTX: possibly delisted; no timezone found
$FBHS: possibly delisted; no timezone found
$DTV: possibly delisted; no timezone found
$ENDP: possibly delisted; no timezone found
$DISCA: possibly delisted; no timezone found
$DISH: possibly delisted; no timezone found
$ETFC: possibly delisted; no timezone found
$DPS: possibly delisted; no timezone found

28 Failed downloads:
['CVC', 'CXO', 'CTRA', 'CVG', 'EVHC', 'DRE', 'DFS', 'DAY', 'CVH', 'CTXS', 'DWDP', 'DO', 'CTLT', 'ESV', 'ESRX', 'EK', 'DISCK', 'DNR', 'DNB', 'DF', 'CTX', 'FBHS', 'DTV', 'ENDP', 'DISCA', 'DISH', 'ETFC', 'DPS']: possibly delisted; no timezone found
  prices 400/850
$FTR: possibly delisted; no timezone found
$FRX: possibly delisted; no timezone found
$FRC: possibly delisted; no timezone found
$HCBK: possibly delisted; no timezone found
$HBI: possibly delisted; no timezone found
$FL: possibly delisted; no timezone found
$FLIR: possibly delisted; no timezone found
$HOLX: possibly delisted; no timezone found
$GMCR: possibly delisted; no timezone found
$FII: possibly delisted; no timezone found
$FDO: possibly delisted; no timezone found
$GAS: possibly delisted; no timezone found
$HSP: possibly delisted; no timezone found
$GPS: possibly delisted; no timezone found
$HES: possibly delisted; no timezone found
$FRE: possibly delisted; no timezone found
$HAR: possibly delisted; no timezone found
$HNZ: possibly delisted; no timezone found
$HOT: possibly delisted; no timezone found
$FNM: possibly delisted; no timezone found
$GGP: possibly delisted; no timezone found
$GR: possibly delisted; no price data found  (1d 2008-06-01 -> 2026-10-06)
$HFC: possibly delisted; no timezone found

23 Failed downloads:
['FTR', 'FRX', 'FRC', 'HCBK', 'HBI', 'FL', 'FLIR', 'HOLX', 'GMCR', 'FII', 'FDO', 'GAS', 'HSP', 'GPS', 'HES', 'FRE', 'HAR', 'HNZ', 'HOT', 'FNM', 'GGP', 'HFC']: possibly delisted; no timezone found
['GR']: possibly delisted; no price data found  (1d 2008-06-01 -> 2026-10-06)
  prices 500/850
$JCP |: possibly delisted; no timezone found
$ITT |: possibly delisted; no timezone found
$LLL: possibly delisted; no timezone found
$IPG: possibly delisted; no timezone found
$LM: possibly delisted; no timezone found
$LSI: possibly delisted; no timezone found
$JNS: possibly delisted; no timezone found
$JOY: possibly delisted; no timezone found
$LLTC: possibly delisted; no timezone found
$LXK: possibly delisted; no timezone found
$KFT: possibly delisted; no timezone found
$JNPR: possibly delisted; no timezone found
$JWN: possibly delisted; no timezone found
$LEH: possibly delisted; no timezone found
$LVLT: possibly delisted; no timezone found
$JDSU: possibly delisted; no timezone found
$KRFT: possibly delisted; no timezone found
$LO: possibly delisted; no timezone found
$IGT: possibly delisted; no timezone found
$K: possibly delisted; no timezone found
$JNY: possibly delisted; no timezone found
$KSU: possibly delisted; no timezone found

22 Failed downloads:
['JCP |', 'ITT |', 'LLL', 'IPG', 'LM', 'LSI', 'JNS', 'JOY', 'LLTC', 'LXK', 'KFT', 'JNPR', 'JWN', 'LEH', 'LVLT', 'JDSU', 'KRFT', 'LO', 'IGT', 'K', 'JNY', 'KSU']: possibly delisted; no timezone found
  prices 600/850
$OMX: possibly delisted; no timezone found
$PBCT: possibly delisted; no timezone found
$NYX: possibly delisted; no price data found  (1d 2008-06-01 -> 2026-10-06)
$NBL: possibly delisted; no timezone found
$MXIM: possibly delisted; no timezone found
$MON: possibly delisted; no timezone found
$MHS: possibly delisted; no timezone found
$MEE: possibly delisted; no timezone found
$MJN: possibly delisted; no timezone found
$MRO: possibly delisted; no timezone found
$MFE: possibly delisted; no timezone found
$NSM: possibly delisted; no timezone found
$MOLX: possibly delisted; no timezone found
$NVLS: possibly delisted; no timezone found
$MNK: possibly delisted; no timezone found
$MIL: possibly delisted; no timezone found
$NLSN: possibly delisted; no timezone found
$NOVL: possibly delisted; no timezone found
$ODP: possibly delisted; no timezone found
$MWW: possibly delisted; no timezone found
$MDP: possibly delisted; no timezone found

21 Failed downloads:
['OMX', 'PBCT', 'NBL', 'MXIM', 'MON', 'MHS', 'MEE', 'MJN', 'MRO', 'MFE', 'NSM', 'MOLX', 'NVLS', 'MNK', 'MIL', 'NLSN', 'NOVL', 'ODP', 'MWW', 'MDP']: possibly delisted; no timezone found
['NYX']: possibly delisted; no price data found  (1d 2008-06-01 -> 2026-10-06)
  prices 700/850
$RAI: possibly delisted; no timezone found
$RDC: possibly delisted; no timezone found
$PXD: possibly delisted; no timezone found
$SNI: possibly delisted; no timezone found
$QEP: possibly delisted; no timezone found
$PCP: possibly delisted; no timezone found
$PGN: possibly delisted; no timezone found
$SCG: possibly delisted; no timezone found
$RX: possibly delisted; no timezone found
$RRD: possibly delisted; no timezone found
$SEE: possibly delisted; no timezone found
$RHT: possibly delisted; no timezone found
$PDCO: possibly delisted; no timezone found
$SIAL: possibly delisted; no timezone found
$SAI: possibly delisted; no timezone found
$RTN: possibly delisted; no timezone found
$PETM: possibly delisted; no timezone found
$RSH: possibly delisted; no timezone found
$PTV: possibly delisted; no timezone found
$PLL: possibly delisted; no timezone found
$SIVB: possibly delisted; no timezone found

21 Failed downloads:
['RAI', 'RDC', 'PXD', 'SNI', 'QEP', 'PCP', 'PGN', 'SCG', 'RX', 'RRD', 'SEE', 'RHT', 'PDCO', 'SIAL', 'SAI', 'RTN', 'PETM', 'RSH', 'PTV', 'PLL', 'SIVB']: possibly delisted; no timezone found
  prices 800/850
$SRCL: possibly delisted; no timezone found
$SWN: possibly delisted; no timezone found
$TIE: possibly delisted; no timezone found
$TWTR: possibly delisted; no timezone found
$STJ: possibly delisted; no timezone found
$TSS: possibly delisted; no timezone found
$VIAB: possibly delisted; no timezone found
$TYC: possibly delisted; no timezone found
$SWY: possibly delisted; no timezone found
$TWC: possibly delisted; no timezone found
$TLAB: possibly delisted; no timezone found
$TGNA: possibly delisted; no timezone found
$SVU: possibly delisted; no timezone found
$TEG: possibly delisted; no timezone found
$TIF: possibly delisted; no timezone found
$VAR: possibly delisted; no timezone found
$STR: possibly delisted; no timezone found
$TWX: possibly delisted; no timezone found

18 Failed downloads:
['SRCL', 'SWN', 'TIE', 'TWTR', 'STJ', 'TSS', 'VIAB', 'TYC', 'SWY', 'TWC', 'TLAB', 'TGNA', 'SVU', 'TEG', 'TIF', 'VAR', 'STR', 'TWX']: possibly delisted; no timezone found
  prices 850/850
$WIN: possibly delisted; no timezone found
$XLNX: possibly delisted; no timezone found
$WCG: possibly delisted; no timezone found
$XEC: possibly delisted; no timezone found
$WFR: possibly delisted; no timezone found
$WFM: possibly delisted; no timezone found
$WPX: possibly delisted; no timezone found
$XL: possibly delisted; no timezone found
$WBA: possibly delisted; no timezone found
$YHOO: possibly delisted; no timezone found
$WLTW: possibly delisted; no timezone found
$XTO: possibly delisted; no price data found  (1d 2008-06-01 -> 2026-10-06)
$WYN: possibly delisted; no timezone found
$X: possibly delisted; no timezone found

14 Failed downloads:
['WIN', 'XLNX', 'WCG', 'XEC', 'WFR', 'WFM', 'WPX', 'XL', 'WBA', 'YHOO', 'WLTW', 'WYN', 'X']: possibly delisted; no timezone found
['XTO']: possibly delisted; no price data found  (1d 2008-06-01 -> 2026-10-06)
  prices 2/2
  prices 2/2
  prices 6/6
[04:22:22] calendar 2008-06-02 - 2026-10-05; usable point-in-time series 608
[04:22:32]   run done: sp_top5
[04:22:32]   run done: base_top5
[04:22:32]   run done: base_boost
[04:22:32]   run done: sp_boost
[04:22:39]   run done: pit_top5
[04:22:39]   run done: pit_boost
[04:22:41]   ledger base_boost_ledger_005: final 11,906,652
[04:22:41]   ledger base_auto_ledger_005: final 9,391,481
[04:22:41]   ledger sp_boost_ledger_005: final 5,768,453
[04:22:41]   ledger sp_auto_ledger_005: final 5,464,723
[04:22:41]   ledger pit_boost_pretax_0.0005: final 3,995,899
[04:22:41]   ledger pit_auto_pretax_0.0005: final 4,645,747
[04:22:41]   ledger pit_boost_pretax_0.0015: final 2,414,720
[04:22:41]   ledger pit_auto_pretax_0.0015: final 2,785,007
[04:22:41]   ledger pit_boost_pretax_0.003: final 1,135,594
[04:22:42]   ledger pit_auto_pretax_0.003: final 1,294,116
[04:22:42]   ledger pit_boost_tax: final 829,086
[04:22:42]   ledger pit_boost_tax_fifo: final 822,146
[04:22:42]   ledger pit_boost_tax_niit: final 736,589
[04:22:42]   ledger pit_auto_tax: final 915,824
[04:22:42]   ledger pit_boost_band0.25_pretax: final 2,195,776
[04:22:43]   ledger pit_boost_band0.25_tax: final 782,924
[04:22:43]   ledger pit_auto_band0.25_pretax: final 2,572,148
[04:22:43]   ledger pit_auto_band0.25_tax: final 869,201
[04:22:43]   ledger pit_boost_band0.5_pretax: final 1,530,583
[04:22:43]   ledger pit_boost_band0.5_tax: final 613,732
[04:22:43]   ledger pit_auto_band0.5_pretax: final 1,247,123
[04:22:43]   ledger pit_auto_band0.5_tax: final 532,840
[04:22:44]   leak test 2011-12-16: past True next True split True sleeve True
[04:22:45]   leak test 2012-06-08: past True next True split True sleeve True
[04:22:47]   leak test 2013-12-20: past True next True split True sleeve True
[04:22:50]   leak test 2017-05-12: past True next True split True sleeve True
[04:22:54]   leak test 2018-10-05: past True next True split True sleeve True
[04:23:01]   leak test 2023-10-13: past True next True split True sleeve True
[04:23:12]   run done: start_2012-01-03
[04:23:12]   run done: start_2011-07-01
[04:23:12]   run done: start_2011-01-03
[04:23:13]   run done: start_2010-07-01
[04:23:22]   run done: start_2013-01-02
[04:23:22]   run done: start_2013-07-01
[04:23:22]   run done: start_2014-01-02
[04:23:22]   run done: start_2012-07-02
[04:23:30]   run done: start_2016-01-04
[04:23:30]   run done: start_2015-07-01
[04:23:30]   run done: start_2015-01-02
[04:23:30]   run done: start_2014-07-01
[04:23:38]   run done: start_2018-01-02
[04:23:38]   run done: start_2017-07-03
[04:23:38]   run done: start_2017-01-03
[04:23:38]   run done: start_2016-07-01
[04:23:44]   run done: start_2020-01-02
[04:23:44]   run done: start_2019-07-01
[04:23:44]   run done: start_2019-01-02
[04:23:44]   run done: start_2018-07-02
[04:23:48]   run done: start_2022-01-03
[04:23:48]   run done: start_2021-07-01
[04:23:49]   run done: start_2021-01-04
[04:23:49]   run done: start_2020-07-01
[04:23:51]   run done: start_2023-07-03
[04:23:51]   run done: start_2023-01-03
[04:23:52]   run done: start_2022-07-01
[04:23:58]   run done: ex_best1
[04:23:59]   run done: ex_best3
[04:24:00] wrote /home/runner/work/NIBII/NIBII/data/robustness_weekrank.json in 3.0 min
