[11:06:13] universe: dashboard 518, point-in-time S&P candidates 835, fetching 850
  prices 100/850
HTTP Error 404: {"quoteSummary":{"result":null,"error":{"code":"Not Found","description":"Quote not found for symbol: AET"}}}
$AET: possibly delisted; no timezone found
HTTP Error 404: {"quoteSummary":{"result":null,"error":{"code":"Not Found","description":"Quote not found for symbol: ARG"}}}
$ACE: possibly delisted; no timezone found
$ARG: possibly delisted; no timezone found
$ACAS: possibly delisted; no timezone found
$APOL: possibly delisted; no timezone found
$ATVI: possibly delisted; no timezone found
$AGN: possibly delisted; no timezone found
$ANDV: possibly delisted; no timezone found
$ABMD: possibly delisted; no timezone found
$ANR: possibly delisted; no timezone found
$ABK: possibly delisted; no timezone found
$AVP: possibly delisted; no timezone found
$ARNC: possibly delisted; no timezone found
$ALXN: possibly delisted; no timezone found
$ANSS: possibly delisted; no timezone found
$AKS: possibly delisted; no timezone found
$ALTR: possibly delisted; no timezone found
$BCR: possibly delisted; no timezone found
$AYE: possibly delisted; no timezone found
$ADS: possibly delisted; no timezone found

20 Failed downloads:
['AET', 'ACE', 'ARG', 'ACAS', 'APOL', 'ATVI', 'AGN', 'ANDV', 'ABMD', 'ANR', 'ABK', 'AVP', 'ARNC', 'ALXN', 'ANSS', 'AKS', 'ALTR', 'BCR', 'AYE', 'ADS']: possibly delisted; no timezone found
  prices 200/850
$CPGX: possibly delisted; no timezone found
$BMS: possibly delisted; no timezone found
$CDAY: possibly delisted; no timezone found
$CFC: possibly delisted; no timezone found
$CBE: possibly delisted; no timezone found
$CMCSK: possibly delisted; no timezone found
$CHK: possibly delisted; no timezone found
$BIG: possibly delisted; no timezone found
$BXLT: possibly delisted; no timezone found
$CSC: possibly delisted; no timezone found
$BJS: possibly delisted; no timezone found
$BMC: possibly delisted; no timezone found
$CCE: possibly delisted; no timezone found
$COV: possibly delisted; no timezone found
$CA: possibly delisted; no timezone found
$CELG: possibly delisted; no timezone found
$CEPH: possibly delisted; no timezone found
$BHI: possibly delisted; no timezone found
$COL: possibly delisted; no timezone found
$CERN: possibly delisted; no timezone found
$BRCM: possibly delisted; no timezone found
$CFN: possibly delisted; no timezone found
$CMA: possibly delisted; no timezone found

23 Failed downloads:
['CPGX', 'BMS', 'CDAY', 'CFC', 'CBE', 'CMCSK', 'CHK', 'BIG', 'BXLT', 'CSC', 'BJS', 'BMC', 'CCE', 'COV', 'CA', 'CELG', 'CEPH', 'BHI', 'COL', 'CERN', 'BRCM', 'CFN', 'CMA']: possibly delisted; no timezone found
  prices 300/850
$DPS: possibly delisted; no timezone found
$DTV: possibly delisted; no timezone found
$DWDP: possibly delisted; no timezone found
$DAY: possibly delisted; no timezone found
$CXO: possibly delisted; no timezone found
$DISH: possibly delisted; no timezone found
$DISCA: possibly delisted; no timezone found
$DNB: possibly delisted; no timezone found
$EK: possibly delisted; no timezone found
$DRE: possibly delisted; no timezone found
$CTRA: possibly delisted; no timezone found
$ESRX: possibly delisted; no timezone found
$EVHC: possibly delisted; no timezone found
$DNR: possibly delisted; no timezone found
$CTXS: possibly delisted; no timezone found
$ESV: possibly delisted; no timezone found
$DISCK: possibly delisted; no timezone found
$CTX: possibly delisted; no timezone found
$DFS: possibly delisted; no timezone found
$DO: possibly delisted; no timezone found
$CVG: possibly delisted; no timezone found
$DF: possibly delisted; no timezone found
$CVC: possibly delisted; no timezone found
$CVH: possibly delisted; no timezone found
$CTLT: possibly delisted; no timezone found
$FBHS: possibly delisted; no timezone found
$ENDP: possibly delisted; no timezone found
$ETFC: possibly delisted; no timezone found

28 Failed downloads:
['DPS', 'DTV', 'DWDP', 'DAY', 'CXO', 'DISH', 'DISCA', 'DNB', 'EK', 'DRE', 'CTRA', 'ESRX', 'EVHC', 'DNR', 'CTXS', 'ESV', 'DISCK', 'CTX', 'DFS', 'DO', 'CVG', 'DF', 'CVC', 'CVH', 'CTLT', 'FBHS', 'ENDP', 'ETFC']: possibly delisted; no timezone found
  prices 400/850
$HOLX: possibly delisted; no timezone found
$FDO: possibly delisted; no timezone found
$GMCR: possibly delisted; no timezone found
$FL: possibly delisted; no timezone found
$FRX: possibly delisted; no timezone found
$HCBK: possibly delisted; no timezone found
$HBI: possibly delisted; no timezone found
$HOT: possibly delisted; no timezone found
$GPS: possibly delisted; no timezone found
$HFC: possibly delisted; no timezone found
$GGP: possibly delisted; no timezone found
$FLIR: possibly delisted; no timezone found
$HES: possibly delisted; no timezone found
$FRC: possibly delisted; no timezone found
$HAR: possibly delisted; no timezone found
$FNM: possibly delisted; no timezone found
$HNZ: possibly delisted; no timezone found
$FRE: possibly delisted; no timezone found
$FII: possibly delisted; no timezone found
$FTR: possibly delisted; no timezone found
$GAS: possibly delisted; no timezone found
$HSP: possibly delisted; no timezone found

22 Failed downloads:
['HOLX', 'FDO', 'GMCR', 'FL', 'FRX', 'HCBK', 'HBI', 'HOT', 'GPS', 'HFC', 'GGP', 'FLIR', 'HES', 'FRC', 'HAR', 'FNM', 'HNZ', 'FRE', 'FII', 'FTR', 'GAS', 'HSP']: possibly delisted; no timezone found
  prices 500/850
$ITT |: possibly delisted; no timezone found
$JWN: possibly delisted; no timezone found
$JNPR: possibly delisted; no timezone found
$JNS: possibly delisted; no timezone found
$IGT: possibly delisted; no timezone found
$LLTC: possibly delisted; no timezone found
$LM: possibly delisted; no timezone found
$KSU: possibly delisted; no timezone found
$K: possibly delisted; no timezone found
$JCP |: possibly delisted; no timezone found
$JOY: possibly delisted; no timezone found
$JNY: possibly delisted; no timezone found
$IPG: possibly delisted; no timezone found
$KFT: possibly delisted; no timezone found
$LLL: possibly delisted; no timezone found
$LO: possibly delisted; no timezone found
$LEH: possibly delisted; no timezone found
$LSI: possibly delisted; no timezone found
$LVLT: possibly delisted; no timezone found
$JDSU: possibly delisted; no timezone found
$KRFT: possibly delisted; no timezone found
$LXK: possibly delisted; no timezone found

22 Failed downloads:
['ITT |', 'JWN', 'JNPR', 'JNS', 'IGT', 'LLTC', 'LM', 'KSU', 'K', 'JCP |', 'JOY', 'JNY', 'IPG', 'KFT', 'LLL', 'LO', 'LEH', 'LSI', 'LVLT', 'JDSU', 'KRFT', 'LXK']: possibly delisted; no timezone found
  prices 600/850
$MIL: possibly delisted; no timezone found
$MFE: possibly delisted; no timezone found
$MHS: possibly delisted; no timezone found
$NLSN: possibly delisted; no timezone found
$OMX: possibly delisted; no timezone found
$NYX: possibly delisted; no price data found  (1d 2008-06-01 -> 2026-10-06)
$MOLX: possibly delisted; no timezone found
$MNK: possibly delisted; no timezone found
$NVLS: possibly delisted; no timezone found
$ODP: possibly delisted; no timezone found
$MWW: possibly delisted; no timezone found
$MDP: possibly delisted; no timezone found
$NSM: possibly delisted; no timezone found
$MON: possibly delisted; no timezone found
$NBL: possibly delisted; no timezone found
$PBCT: possibly delisted; no timezone found
$MEE: possibly delisted; no timezone found
$NOVL: possibly delisted; no timezone found
$MJN: possibly delisted; no timezone found
$MXIM: possibly delisted; no timezone found
$MRO: possibly delisted; no timezone found

21 Failed downloads:
['MIL', 'MFE', 'MHS', 'NLSN', 'OMX', 'MOLX', 'MNK', 'NVLS', 'ODP', 'MWW', 'MDP', 'NSM', 'MON', 'NBL', 'PBCT', 'MEE', 'NOVL', 'MJN', 'MXIM', 'MRO']: possibly delisted; no timezone found
['NYX']: possibly delisted; no price data found  (1d 2008-06-01 -> 2026-10-06)
  prices 700/850
$PLL: possibly delisted; no timezone found
$RSH: possibly delisted; no timezone found
$RRD: possibly delisted; no timezone found
$RX: possibly delisted; no timezone found
$SEE: possibly delisted; no timezone found
$RTN: possibly delisted; no timezone found
$QEP: possibly delisted; no timezone found
$PTV: possibly delisted; no timezone found
$SAI: possibly delisted; no timezone found
$PGN: possibly delisted; no timezone found
$PCP: possibly delisted; no timezone found
$RHT: possibly delisted; no timezone found
$PXD: possibly delisted; no timezone found
$SCG: possibly delisted; no timezone found
$SIVB: possibly delisted; no timezone found
$SIAL: possibly delisted; no timezone found
$RAI: possibly delisted; no timezone found
$PDCO: possibly delisted; no timezone found
$PETM: possibly delisted; no timezone found
$SNI: possibly delisted; no timezone found
$RDC: possibly delisted; no timezone found

21 Failed downloads:
['PLL', 'RSH', 'RRD', 'RX', 'SEE', 'RTN', 'QEP', 'PTV', 'SAI', 'PGN', 'PCP', 'RHT', 'PXD', 'SCG', 'SIVB', 'SIAL', 'RAI', 'PDCO', 'PETM', 'SNI', 'RDC']: possibly delisted; no timezone found
  prices 800/850
$TIE: possibly delisted; no timezone found
$TEG: possibly delisted; no timezone found
$SWY: possibly delisted; no timezone found
$SRCL: possibly delisted; no timezone found
$TYC: possibly delisted; no timezone found
$TWTR: possibly delisted; no timezone found
$SVU: possibly delisted; no timezone found
$VIAB: possibly delisted; no timezone found
$VAR: possibly delisted; no timezone found
$TIF: possibly delisted; no timezone found
$SWN: possibly delisted; no timezone found
$STJ: possibly delisted; no timezone found
$TWX: possibly delisted; no timezone found
$TGNA: possibly delisted; no timezone found
$STR: possibly delisted; no timezone found
$TSS: possibly delisted; no timezone found
$TWC: possibly delisted; no timezone found
$TLAB: possibly delisted; no timezone found

18 Failed downloads:
['TIE', 'TEG', 'SWY', 'SRCL', 'TYC', 'TWTR', 'SVU', 'VIAB', 'VAR', 'TIF', 'SWN', 'STJ', 'TWX', 'TGNA', 'STR', 'TSS', 'TWC', 'TLAB']: possibly delisted; no timezone found
  prices 850/850
$XL: possibly delisted; no timezone found
$WIN: possibly delisted; no timezone found
$X: possibly delisted; no timezone found
$YHOO: possibly delisted; no timezone found
$WFR: possibly delisted; no timezone found
$WYN: possibly delisted; no timezone found
$XLNX: possibly delisted; no timezone found
$WPX: possibly delisted; no timezone found
$XTO: possibly delisted; no price data found  (1d 2008-06-01 -> 2026-10-06)
$WBA: possibly delisted; no timezone found
$WCG: possibly delisted; no timezone found
$XEC: possibly delisted; no timezone found
$WLTW: possibly delisted; no timezone found
$WFM: possibly delisted; no timezone found

14 Failed downloads:
['XL', 'WIN', 'X', 'YHOO', 'WFR', 'WYN', 'XLNX', 'WPX', 'WBA', 'WCG', 'XEC', 'WLTW', 'WFM']: possibly delisted; no timezone found
['XTO']: possibly delisted; no price data found  (1d 2008-06-01 -> 2026-10-06)
  prices 2/2
  prices 2/2
  prices 6/6
[11:07:24] calendar 2008-06-02 - 2026-10-05; usable point-in-time series 609
[11:07:36]   run done: sp_top5
[11:07:36]   run done: base_top5
[11:07:36]   run done: sp_boost
[11:07:37]   run done: base_boost
[11:07:44]   run done: pit_top5
[11:07:44]   run done: pit_boost
[11:07:48]   ledger base_boost_ledger_005: final 12,291,696
[11:07:48]   ledger base_auto_ledger_005: final 12,558,789
[11:07:48]   ledger sp_boost_ledger_005: final 7,142,429
[11:07:48]   ledger sp_auto_ledger_005: final 6,335,528
[11:07:48]   ledger pit_boost_pretax_0.0005: final 4,218,532
[11:07:48]   ledger pit_auto_pretax_0.0005: final 5,396,622
[11:07:48]   ledger pit_boost_pretax_0.0015: final 2,381,518
[11:07:48]   ledger pit_auto_pretax_0.0015: final 3,050,974
[11:07:48]   ledger pit_boost_pretax_0.003: final 1,011,463
[11:07:48]   ledger pit_auto_pretax_0.003: final 1,298,646
[11:07:49]   ledger pit_boost_tax: final 817,489
[11:07:49]   ledger pit_boost_tax_fifo: final 807,424
[11:07:49]   ledger pit_boost_tax_niit: final 726,565
[11:07:50]   ledger pit_auto_tax: final 966,466
[11:07:50]   ledger pit_boost_band0.25_pretax: final 2,418,503
[11:07:50]   ledger pit_boost_band0.25_tax: final 831,120
[11:07:50]   ledger pit_auto_band0.25_pretax: final 2,982,689
[11:07:50]   ledger pit_auto_band0.25_tax: final 950,826
[11:07:51]   ledger pit_boost_band0.5_pretax: final 1,638,141
[11:07:51]   ledger pit_boost_band0.5_tax: final 640,379
[11:07:51]   ledger pit_auto_band0.5_pretax: final 2,725,412
[11:07:51]   ledger pit_auto_band0.5_tax: final 885,357
[11:07:52]   leak test 2011-12-16: past True next True split True sleeve True
[11:07:53]   leak test 2012-06-08: past True next True split True sleeve True
[11:07:55]   leak test 2013-12-20: past True next True split True sleeve True
[11:07:59]   leak test 2017-05-12: past True next True split True sleeve True
[11:08:03]   leak test 2018-10-05: past True next True split True sleeve True
[11:08:10]   leak test 2023-10-13: past True next True split True sleeve True
[11:08:24]   run done: start_2012-01-03
[11:08:24]   run done: start_2011-07-01
[11:08:25]   run done: start_2010-07-01
[11:08:25]   run done: start_2011-01-03
[11:08:35]   run done: start_2013-01-02
[11:08:35]   run done: start_2014-01-02
[11:08:35]   run done: start_2013-07-01
[11:08:36]   run done: start_2012-07-02
[11:08:46]   run done: start_2015-07-01
[11:08:46]   run done: start_2015-01-02
[11:08:46]   run done: start_2016-01-04
[11:08:46]   run done: start_2014-07-01
[11:08:54]   run done: start_2018-01-02
[11:08:55]   run done: start_2017-07-03
[11:08:55]   run done: start_2017-01-03
[11:08:56]   run done: start_2016-07-01
[11:09:02]   run done: start_2019-01-02
[11:09:02]   run done: start_2018-07-02
[11:09:02]   run done: start_2019-07-01
[11:09:02]   run done: start_2020-01-02
[11:09:07]   run done: start_2022-01-03
[11:09:08]   run done: start_2021-07-01
[11:09:08]   run done: start_2021-01-04
[11:09:09]   run done: start_2020-07-01
[11:09:11]   run done: start_2023-07-03
[11:09:11]   run done: start_2023-01-03
[11:09:12]   run done: start_2022-07-01
[11:09:18]   run done: ex_best1
[11:09:20]   run done: ex_best3
[11:09:22] wrote /home/runner/work/NIBII/NIBII/data/robustness_weekrank_ld2x.json in 3.2 min
