[16:42:50] universe: dashboard 518, point-in-time S&P candidates 835, fetching 850
  prices 100/850
$ADS: possibly delisted; no timezone found
HTTP Error 404: {"quoteSummary":{"result":null,"error":{"code":"Not Found","description":"Quote not found for symbol: AYE"}}}
$AVP: possibly delisted; no timezone found
$AYE: possibly delisted; no timezone found
$ACE: possibly delisted; no timezone found
$AET: possibly delisted; no timezone found
$ANR: possibly delisted; no timezone found
$AKS: possibly delisted; no timezone found
$ALXN: possibly delisted; no timezone found
$ALTR: possibly delisted; no timezone found
$AGN: possibly delisted; no timezone found
$APOL: possibly delisted; no timezone found
$ARG: possibly delisted; no timezone found
$ATVI: possibly delisted; no timezone found
$ABMD: possibly delisted; no timezone found
$ACAS: possibly delisted; no timezone found
$ANDV: possibly delisted; no timezone found
$ABK: possibly delisted; no timezone found
$ANSS: possibly delisted; no timezone found
$ARNC: possibly delisted; no timezone found
$BCR: possibly delisted; no timezone found

20 Failed downloads:
['ADS', 'AVP', 'AYE', 'ACE', 'AET', 'ANR', 'AKS', 'ALXN', 'ALTR', 'AGN', 'APOL', 'ARG', 'ATVI', 'ABMD', 'ACAS', 'ANDV', 'ABK', 'ANSS', 'ARNC', 'BCR']: possibly delisted; no timezone found
  prices 200/850
$CMA: possibly delisted; no timezone found
$CA: possibly delisted; no timezone found
$CHK: possibly delisted; no timezone found
$CELG: possibly delisted; no timezone found
$CCE: possibly delisted; no timezone found
$BMC: possibly delisted; no timezone found
$BRCM: possibly delisted; no timezone found
$COV: possibly delisted; no timezone found
$BHI: possibly delisted; no timezone found
$CFN: possibly delisted; no timezone found
$CBE: possibly delisted; no timezone found
$BJS: possibly delisted; no timezone found
$CFC: possibly delisted; no timezone found
$CDAY: possibly delisted; no timezone found
$COL: possibly delisted; no timezone found
$CMCSK: possibly delisted; no timezone found
$CPGX: possibly delisted; no timezone found
$BXLT: possibly delisted; no timezone found
$BIG: possibly delisted; no timezone found
$BMS: possibly delisted; no timezone found
$CERN: possibly delisted; no timezone found
$CEPH: possibly delisted; no timezone found
$CSC: possibly delisted; no timezone found

23 Failed downloads:
['CMA', 'CA', 'CHK', 'CELG', 'CCE', 'BMC', 'BRCM', 'COV', 'BHI', 'CFN', 'CBE', 'BJS', 'CFC', 'CDAY', 'COL', 'CMCSK', 'CPGX', 'BXLT', 'BIG', 'BMS', 'CERN', 'CEPH', 'CSC']: possibly delisted; no timezone found
  prices 300/850
$DISCA: possibly delisted; no timezone found
$CTRA: possibly delisted; no timezone found
$DRE: possibly delisted; no timezone found
$CVG: possibly delisted; no timezone found
$CTXS: possibly delisted; no timezone found
$CTLT: possibly delisted; no timezone found
$DAY: possibly delisted; no timezone found
$DO: possibly delisted; no timezone found
$EK: possibly delisted; no timezone found
$EVHC: possibly delisted; no timezone found
$CXO: possibly delisted; no timezone found
$DTV: possibly delisted; no timezone found
$CVC: possibly delisted; no timezone found
$DISCK: possibly delisted; no timezone found
$ENDP: possibly delisted; no timezone found
$DWDP: possibly delisted; no timezone found
$DFS: possibly delisted; no timezone found
$DPS: possibly delisted; no timezone found
$DISH: possibly delisted; no timezone found
$DNR: possibly delisted; no timezone found
$CVH: possibly delisted; no timezone found
$DNB: possibly delisted; no timezone found
$FBHS: possibly delisted; no timezone found
$ESRX: possibly delisted; no timezone found
$ETFC: possibly delisted; no timezone found
$ESV: possibly delisted; no timezone found
$DF: possibly delisted; no timezone found
$CTX: possibly delisted; no timezone found

28 Failed downloads:
['DISCA', 'CTRA', 'DRE', 'CVG', 'CTXS', 'CTLT', 'DAY', 'DO', 'EK', 'EVHC', 'CXO', 'DTV', 'CVC', 'DISCK', 'ENDP', 'DWDP', 'DFS', 'DPS', 'DISH', 'DNR', 'CVH', 'DNB', 'FBHS', 'ESRX', 'ETFC', 'ESV', 'DF', 'CTX']: possibly delisted; no timezone found
  prices 400/850
$HES: possibly delisted; no timezone found
$HBI: possibly delisted; no timezone found
$GAS: possibly delisted; no timezone found
$GPS: possibly delisted; no timezone found
$FL: possibly delisted; no timezone found
$HOT: possibly delisted; no timezone found
$GGP: possibly delisted; no timezone found
$HFC: possibly delisted; no timezone found
$FTR: possibly delisted; no timezone found
$FRE: possibly delisted; no timezone found
$HSP: possibly delisted; no timezone found
$HCBK: possibly delisted; no timezone found
$FRC: possibly delisted; no timezone found
$GR: possibly delisted; no price data found  (1d 2008-06-01 -> 2026-10-06)
$FDO: possibly delisted; no timezone found
$FLIR: possibly delisted; no timezone found
$HAR: possibly delisted; no timezone found
$FII: possibly delisted; no timezone found
$GMCR: possibly delisted; no timezone found
$HOLX: possibly delisted; no timezone found
$FRX: possibly delisted; no timezone found
$HNZ: possibly delisted; no timezone found
$FNM: possibly delisted; no timezone found

23 Failed downloads:
['HES', 'HBI', 'GAS', 'GPS', 'FL', 'HOT', 'GGP', 'HFC', 'FTR', 'FRE', 'HSP', 'HCBK', 'FRC', 'FDO', 'FLIR', 'HAR', 'FII', 'GMCR', 'HOLX', 'FRX', 'HNZ', 'FNM']: possibly delisted; no timezone found
['GR']: possibly delisted; no price data found  (1d 2008-06-01 -> 2026-10-06)
  prices 500/850
$JWN: possibly delisted; no timezone found
$ITT |: possibly delisted; no timezone found
$JNPR: possibly delisted; no timezone found
$LVLT: possibly delisted; no timezone found
$LLTC: possibly delisted; no timezone found
$LO: possibly delisted; no timezone found
$KSU: possibly delisted; no timezone found
$LSI: possibly delisted; no timezone found
$LEH: possibly delisted; no timezone found
$K: possibly delisted; no timezone found
$LXK: possibly delisted; no timezone found
$KRFT: possibly delisted; no timezone found
$JDSU: possibly delisted; no timezone found
$KFT: possibly delisted; no timezone found
$JOY: possibly delisted; no timezone found
$IGT: possibly delisted; no timezone found
$LLL: possibly delisted; no timezone found
$JNY: possibly delisted; no timezone found
$JCP |: possibly delisted; no timezone found
$IPG: possibly delisted; no timezone found
$LM: possibly delisted; no timezone found
$JNS: possibly delisted; no timezone found

22 Failed downloads:
['JWN', 'ITT |', 'JNPR', 'LVLT', 'LLTC', 'LO', 'KSU', 'LSI', 'LEH', 'K', 'LXK', 'KRFT', 'JDSU', 'KFT', 'JOY', 'IGT', 'LLL', 'JNY', 'JCP |', 'IPG', 'LM', 'JNS']: possibly delisted; no timezone found
  prices 600/850
$MFE: possibly delisted; no timezone found
$NBL: possibly delisted; no timezone found
$NOVL: possibly delisted; no timezone found
$ODP: possibly delisted; no timezone found
$MWW: possibly delisted; no timezone found
$MOLX: possibly delisted; no timezone found
$NSM: possibly delisted; no timezone found
$NLSN: possibly delisted; no timezone found
$MRO: possibly delisted; no timezone found
$MXIM: possibly delisted; no timezone found
$NYX: possibly delisted; no price data found  (1d 2008-06-01 -> 2026-10-06)
$MDP: possibly delisted; no timezone found
$OMX: possibly delisted; no timezone found
$MIL: possibly delisted; no timezone found
$MON: possibly delisted; no timezone found
$PBCT: possibly delisted; no timezone found
$MNK: possibly delisted; no timezone found
$MHS: possibly delisted; no timezone found
$MEE: possibly delisted; no timezone found
$MJN: possibly delisted; no timezone found
$NVLS: possibly delisted; no timezone found

21 Failed downloads:
['MFE', 'NBL', 'NOVL', 'ODP', 'MWW', 'MOLX', 'NSM', 'NLSN', 'MRO', 'MXIM', 'MDP', 'OMX', 'MIL', 'MON', 'PBCT', 'MNK', 'MHS', 'MEE', 'MJN', 'NVLS']: possibly delisted; no timezone found
['NYX']: possibly delisted; no price data found  (1d 2008-06-01 -> 2026-10-06)
  prices 700/850
$PXD: possibly delisted; no timezone found
$RRD: possibly delisted; no timezone found
$PTV: possibly delisted; no timezone found
$RSH: possibly delisted; no timezone found
$PDCO: possibly delisted; no timezone found
$PCP: possibly delisted; no timezone found
$PLL: possibly delisted; no timezone found
$SCG: possibly delisted; no timezone found
$SIAL: possibly delisted; no timezone found
$SIVB: possibly delisted; no timezone found
$PGN: possibly delisted; no timezone found
$PETM: possibly delisted; no timezone found
$SAI: possibly delisted; no timezone found
$QEP: possibly delisted; no timezone found
$RTN: possibly delisted; no timezone found
$SNI: possibly delisted; no timezone found
$RAI: possibly delisted; no timezone found
$RX: possibly delisted; no timezone found
$SEE: possibly delisted; no timezone found
$RDC: possibly delisted; no timezone found
$RHT: possibly delisted; no timezone found

21 Failed downloads:
['PXD', 'RRD', 'PTV', 'RSH', 'PDCO', 'PCP', 'PLL', 'SCG', 'SIAL', 'SIVB', 'PGN', 'PETM', 'SAI', 'QEP', 'RTN', 'SNI', 'RAI', 'RX', 'SEE', 'RDC', 'RHT']: possibly delisted; no timezone found
  prices 800/850
$TWX: possibly delisted; no timezone found
$TIF: possibly delisted; no timezone found
$SWY: possibly delisted; no timezone found
$SRCL: possibly delisted; no timezone found
$STJ: possibly delisted; no timezone found
$TYC: possibly delisted; no timezone found
$TWC: possibly delisted; no timezone found
$TGNA: possibly delisted; no timezone found
$TWTR: possibly delisted; no timezone found
$SWN: possibly delisted; no timezone found
$SVU: possibly delisted; no timezone found
$TIE: possibly delisted; no timezone found
$TLAB: possibly delisted; no timezone found
$VIAB: possibly delisted; no timezone found
$VAR: possibly delisted; no timezone found
$TSS: possibly delisted; no timezone found
$STR: possibly delisted; no timezone found
$TEG: possibly delisted; no timezone found

18 Failed downloads:
['TWX', 'TIF', 'SWY', 'SRCL', 'STJ', 'TYC', 'TWC', 'TGNA', 'TWTR', 'SWN', 'SVU', 'TIE', 'TLAB', 'VIAB', 'VAR', 'TSS', 'STR', 'TEG']: possibly delisted; no timezone found
  prices 850/850
$WFR: possibly delisted; no timezone found
$WCG: possibly delisted; no timezone found
$XLNX: possibly delisted; no timezone found
$WLTW: possibly delisted; no timezone found
$XEC: possibly delisted; no timezone found
$X: possibly delisted; no timezone found
$WFM: possibly delisted; no timezone found
$XL: possibly delisted; no timezone found
$YHOO: possibly delisted; no timezone found
$WPX: possibly delisted; no timezone found
$WYN: possibly delisted; no timezone found
$WIN: possibly delisted; no timezone found
$WBA: possibly delisted; no timezone found
$XTO: possibly delisted; no price data found  (1d 2008-06-01 -> 2026-10-06)

14 Failed downloads:
['WFR', 'WCG', 'XLNX', 'WLTW', 'XEC', 'X', 'WFM', 'XL', 'YHOO', 'WPX', 'WYN', 'WIN', 'WBA']: possibly delisted; no timezone found
['XTO']: possibly delisted; no price data found  (1d 2008-06-01 -> 2026-10-06)
  prices 2/2
  prices 2/2
  prices 6/6
[16:44:47]   volume 100/660
[16:44:57]   volume 200/660
[16:45:07]   volume 300/660
[16:45:18]   volume 400/660
[16:45:29]   volume 500/660
[16:45:39]   volume 600/660
[16:45:45]   volume 660/660
[16:45:54] rising: {'weeks': 870, 'ic': 0.0129, 't': 0.76, 'hitIc': 0.502, 'spread4w': 0.0049, 'hiAvg': 0.015, 'loAvg': 0.0101, 'halves': {'2010-19': {'ic': 0.0125, 'spread4w': 0.0047}, '2020-26': {'ic': 0.0135, 'spread4w': 0.0053}}}
[16:45:54] accum: {'weeks': 870, 'ic': -0.0083, 't': -0.49, 'hitIc': 0.486, 'spread4w': -0.0007, 'hiAvg': 0.0132, 'loAvg': 0.0139, 'halves': {'2010-19': {'ic': -0.0183, 'spread4w': -0.0024}, '2020-26': {'ic': 0.0067, 'spread4w': 0.0019}}}
[16:45:54] spike: {'weeks': 870, 'ic': 0.0005, 't': 0.03, 'hitIc': 0.499, 'spread4w': 0.0015, 'hiAvg': 0.0142, 'loAvg': 0.0127, 'halves': {'2010-19': {'ic': 0.0099, 'spread4w': 0.0041}, '2020-26': {'ic': -0.0134, 'spread4w': -0.0023}}}
[16:45:54] dollar: {'weeks': 870, 'ic': 0.0309, 't': 1.75, 'hitIc': 0.544, 'spread4w': 0.0087, 'hiAvg': 0.0183, 'loAvg': 0.0095, 'halves': {'2010-19': {'ic': 0.017, 'spread4w': 0.004}, '2020-26': {'ic': 0.0516, 'spread4w': 0.0157}}}
